
> react-kavia@0.1.0 start
> cross-env EDIT_MODE=true webpack serve --config .ve/webpack.config.js --mode development

<i> [webpack-dev-server] Project is running at:
<i> [webpack-dev-server] Loopback: http://localhost:3000/, http://[::1]:3000/
<i> [webpack-dev-server] On Your Network (IPv4): http://172.17.0.2:3000/
<i> [webpack-dev-server] Content not from webpack is served from './public' directory
Injecting EditorRootWrapper import: ../.ve/EditorRootWrapper
asset bundle.js 1.43 MiB [emitted] (name: main)
asset index.html 1.92 KiB [emitted]
runtime modules 27.5 KiB 14 modules
modules by path ./node_modules/ 1.24 MiB 31 modules
modules by path ./src/ 44.9 KiB
  modules by path ./src/*.js 35.5 KiB 4 modules
  modules by path ./src/*.css 9.41 KiB
    ./src/index.css 2.23 KiB [built] [code generated]
    + 3 modules
modules by path ./.ve/ 15.1 KiB
  modules by path ./.ve/*.js 10.6 KiB 2 modules
  modules by path ./.ve/*.css 2.93 KiB
    ./.ve/EditorOverlay.css 2.25 KiB [built] [code generated]
    ./node_modules/css-loader/dist/cjs.js!./.ve/EditorOverlay.css 697 bytes [built] [code generated]
  ./.ve/EditorOverlay.jsx 1.58 KiB [built] [code generated]
webpack 5.99.9 compiled successfully in 1635 ms
assets by status 1.92 KiB [cached] 1 asset
assets by path *.js 1.47 MiB
  asset bundle.js 1.44 MiB [emitted] (name: main)
  asset main.0cabc113773824249e2b.hot-update.js 25.3 KiB [emitted] [immutable] [hmr] (name: main)
asset main.0cabc113773824249e2b.hot-update.json 28 bytes [emitted] [immutable] [hmr]
Entrypoint main 1.47 MiB = bundle.js 1.44 MiB main.0cabc113773824249e2b.hot-update.js 25.3 KiB
cached modules 1.29 MiB [cached] 43 modules
runtime modules 27.5 KiB 14 modules
./src/App.js 18.6 KiB [built] [code generated]
webpack 5.99.9 compiled successfully in 170 ms
assets by status 1.92 KiB [cached] 1 asset
assets by path *.js 1.47 MiB
  asset bundle.js 1.44 MiB [emitted] (name: main)
  asset main.4e7782b8c9c40b59521e.hot-update.js 25.9 KiB [emitted] [immutable] [hmr] (name: main)
asset main.4e7782b8c9c40b59521e.hot-update.json 28 bytes [emitted] [immutable] [hmr]
Entrypoint main 1.47 MiB = bundle.js 1.44 MiB main.4e7782b8c9c40b59521e.hot-update.js 25.9 KiB
cached modules 1.29 MiB [cached] 43 modules
runtime modules 27.5 KiB 14 modules
./src/App.js 19.1 KiB [built] [code generated]
webpack 5.99.9 compiled successfully in 103 ms
